--------------------------------------------------------------------------------
Release 14.5 Trace  (nt64)
Copyright (c) 1995-2012 Xilinx, Inc.  All rights reserved.

C:\Xilinx\14.5\ISE_DS\ISE\bin\nt64\unwrapped\trce.exe -intstyle ise -v 3 -s 3
-n 3 -fastpaths -xml multiplier.twx multiplier.ncd -o multiplier.twr
multiplier.pcf

Design file:              multiplier.ncd
Physical constraint file: multiplier.pcf
Device,package,speed:     xc7a100t,csg324,C,-3 (PRODUCTION 1.08 2013-03-26)
Report level:             verbose report

Environment Variable      Effect 
--------------------      ------ 
NONE                      No environment variables were set
--------------------------------------------------------------------------------

INFO:Timing:2698 - No timing constraints found, doing default enumeration.
INFO:Timing:3412 - To improve timing, see the Timing Closure User Guide (UG612).
INFO:Timing:2752 - To get complete path coverage, use the unconstrained paths 
   option. All paths that are not constrained will be reported in the 
   unconstrained paths section(s) of the report.
INFO:Timing:3339 - The clock-to-out numbers in this timing report are based on 
   a 50 Ohm transmission line loading model.  For the details of this model, 
   and for more information on accounting for different loading conditions, 
   please see the device datasheet.



Data Sheet report:
-----------------
All values displayed in nanoseconds (ns)

Pad to Pad
---------------+---------------+---------+
Source Pad     |Destination Pad|  Delay  |
---------------+---------------+---------+
a<0>           |of             |   20.412|
a<0>           |out1<0>        |    7.345|
a<0>           |out1<1>        |    7.933|
a<0>           |out1<2>        |    7.560|
a<0>           |out1<3>        |    8.262|
a<0>           |out1<4>        |    8.676|
a<0>           |out1<5>        |    8.826|
a<0>           |out1<6>        |    9.934|
a<0>           |out1<7>        |   10.358|
a<0>           |out1<8>        |   10.931|
a<0>           |out1<9>        |   11.323|
a<0>           |out1<10>       |   11.753|
a<0>           |out1<11>       |   12.212|
a<0>           |out1<12>       |   12.999|
a<0>           |out1<13>       |   13.515|
a<0>           |out1<14>       |   14.480|
a<0>           |out1<15>       |   14.470|
a<0>           |out2<0>        |   14.086|
a<0>           |out2<1>        |   14.690|
a<0>           |out2<2>        |   15.765|
a<0>           |out2<3>        |   16.093|
a<0>           |out2<4>        |   17.135|
a<0>           |out2<5>        |   16.893|
a<0>           |out2<6>        |   17.559|
a<0>           |out2<7>        |   17.911|
a<0>           |out2<8>        |   18.665|
a<0>           |out2<9>        |   18.522|
a<0>           |out2<10>       |   18.695|
a<0>           |out2<11>       |   19.200|
a<0>           |out2<12>       |   19.565|
a<0>           |out2<13>       |   19.978|
a<0>           |out2<14>       |   20.131|
a<0>           |out2<15>       |   20.536|
a<1>           |of             |   21.319|
a<1>           |out1<1>        |    9.300|
a<1>           |out1<2>        |    8.475|
a<1>           |out1<3>        |    8.983|
a<1>           |out1<4>        |    9.505|
a<1>           |out1<5>        |    9.746|
a<1>           |out1<6>        |   10.841|
a<1>           |out1<7>        |   11.265|
a<1>           |out1<8>        |   11.838|
a<1>           |out1<9>        |   12.230|
a<1>           |out1<10>       |   12.660|
a<1>           |out1<11>       |   13.119|
a<1>           |out1<12>       |   13.906|
a<1>           |out1<13>       |   14.422|
a<1>           |out1<14>       |   15.387|
a<1>           |out1<15>       |   15.377|
a<1>           |out2<0>        |   14.993|
a<1>           |out2<1>        |   15.597|
a<1>           |out2<2>        |   16.672|
a<1>           |out2<3>        |   17.000|
a<1>           |out2<4>        |   18.042|
a<1>           |out2<5>        |   17.800|
a<1>           |out2<6>        |   18.466|
a<1>           |out2<7>        |   18.818|
a<1>           |out2<8>        |   19.572|
a<1>           |out2<9>        |   19.429|
a<1>           |out2<10>       |   19.602|
a<1>           |out2<11>       |   20.107|
a<1>           |out2<12>       |   20.472|
a<1>           |out2<13>       |   20.885|
a<1>           |out2<14>       |   21.038|
a<1>           |out2<15>       |   21.443|
a<2>           |of             |   21.494|
a<2>           |out1<2>        |    8.433|
a<2>           |out1<3>        |    8.945|
a<2>           |out1<4>        |    9.204|
a<2>           |out1<5>        |    9.921|
a<2>           |out1<6>        |   11.016|
a<2>           |out1<7>        |   11.440|
a<2>           |out1<8>        |   12.013|
a<2>           |out1<9>        |   12.405|
a<2>           |out1<10>       |   12.835|
a<2>           |out1<11>       |   13.294|
a<2>           |out1<12>       |   14.081|
a<2>           |out1<13>       |   14.597|
a<2>           |out1<14>       |   15.562|
a<2>           |out1<15>       |   15.552|
a<2>           |out2<0>        |   15.168|
a<2>           |out2<1>        |   15.772|
a<2>           |out2<2>        |   16.847|
a<2>           |out2<3>        |   17.175|
a<2>           |out2<4>        |   18.217|
a<2>           |out2<5>        |   17.975|
a<2>           |out2<6>        |   18.641|
a<2>           |out2<7>        |   18.993|
a<2>           |out2<8>        |   19.747|
a<2>           |out2<9>        |   19.604|
a<2>           |out2<10>       |   19.777|
a<2>           |out2<11>       |   20.282|
a<2>           |out2<12>       |   20.647|
a<2>           |out2<13>       |   21.060|
a<2>           |out2<14>       |   21.213|
a<2>           |out2<15>       |   21.618|
a<3>           |of             |   21.304|
a<3>           |out1<3>        |    8.537|
a<3>           |out1<4>        |    9.055|
a<3>           |out1<5>        |    9.731|
a<3>           |out1<6>        |   10.826|
a<3>           |out1<7>        |   11.250|
a<3>           |out1<8>        |   11.823|
a<3>           |out1<9>        |   12.215|
a<3>           |out1<10>       |   12.645|
a<3>           |out1<11>       |   13.104|
a<3>           |out1<12>       |   13.891|
a<3>           |out1<13>       |   14.407|
a<3>           |out1<14>       |   15.372|
a<3>           |out1<15>       |   15.362|
a<3>           |out2<0>        |   14.978|
a<3>           |out2<1>        |   15.582|
a<3>           |out2<2>        |   16.657|
a<3>           |out2<3>        |   16.985|
a<3>           |out2<4>        |   18.027|
a<3>           |out2<5>        |   17.785|
a<3>           |out2<6>        |   18.451|
a<3>           |out2<7>        |   18.803|
a<3>           |out2<8>        |   19.557|
a<3>           |out2<9>        |   19.414|
a<3>           |out2<10>       |   19.587|
a<3>           |out2<11>       |   20.092|
a<3>           |out2<12>       |   20.457|
a<3>           |out2<13>       |   20.870|
a<3>           |out2<14>       |   21.023|
a<3>           |out2<15>       |   21.428|
a<4>           |of             |   21.863|
a<4>           |out1<4>        |    9.505|
a<4>           |out1<5>        |   10.139|
a<4>           |out1<6>        |   11.234|
a<4>           |out1<7>        |   11.658|
a<4>           |out1<8>        |   12.231|
a<4>           |out1<9>        |   12.758|
a<4>           |out1<10>       |   13.204|
a<4>           |out1<11>       |   13.663|
a<4>           |out1<12>       |   14.450|
a<4>           |out1<13>       |   14.966|
a<4>           |out1<14>       |   15.931|
a<4>           |out1<15>       |   15.921|
a<4>           |out2<0>        |   15.537|
a<4>           |out2<1>        |   16.141|
a<4>           |out2<2>        |   17.216|
a<4>           |out2<3>        |   17.544|
a<4>           |out2<4>        |   18.586|
a<4>           |out2<5>        |   18.344|
a<4>           |out2<6>        |   19.010|
a<4>           |out2<7>        |   19.362|
a<4>           |out2<8>        |   20.116|
a<4>           |out2<9>        |   19.973|
a<4>           |out2<10>       |   20.146|
a<4>           |out2<11>       |   20.651|
a<4>           |out2<12>       |   21.016|
a<4>           |out2<13>       |   21.429|
a<4>           |out2<14>       |   21.582|
a<4>           |out2<15>       |   21.987|
a<5>           |of             |   22.042|
a<5>           |out1<5>        |    9.756|
a<5>           |out1<6>        |   10.851|
a<5>           |out1<7>        |   11.275|
a<5>           |out1<8>        |   11.848|
a<5>           |out1<9>        |   12.304|
a<5>           |out1<10>       |   12.750|
a<5>           |out1<11>       |   13.209|
a<5>           |out1<12>       |   14.615|
a<5>           |out1<13>       |   15.145|
a<5>           |out1<14>       |   16.110|
a<5>           |out1<15>       |   16.100|
a<5>           |out2<0>        |   15.716|
a<5>           |out2<1>        |   16.320|
a<5>           |out2<2>        |   17.395|
a<5>           |out2<3>        |   17.723|
a<5>           |out2<4>        |   18.765|
a<5>           |out2<5>        |   18.523|
a<5>           |out2<6>        |   19.189|
a<5>           |out2<7>        |   19.541|
a<5>           |out2<8>        |   20.295|
a<5>           |out2<9>        |   20.152|
a<5>           |out2<10>       |   20.325|
a<5>           |out2<11>       |   20.830|
a<5>           |out2<12>       |   21.195|
a<5>           |out2<13>       |   21.608|
a<5>           |out2<14>       |   21.761|
a<5>           |out2<15>       |   22.166|
a<6>           |of             |   22.029|
a<6>           |out1<6>        |   10.618|
a<6>           |out1<7>        |   11.032|
a<6>           |out1<8>        |   11.885|
a<6>           |out1<9>        |   12.648|
a<6>           |out1<10>       |   13.094|
a<6>           |out1<11>       |   13.553|
a<6>           |out1<12>       |   14.602|
a<6>           |out1<13>       |   15.132|
a<6>           |out1<14>       |   16.097|
a<6>           |out1<15>       |   16.087|
a<6>           |out2<0>        |   15.703|
a<6>           |out2<1>        |   16.307|
a<6>           |out2<2>        |   17.382|
a<6>           |out2<3>        |   17.710|
a<6>           |out2<4>        |   18.752|
a<6>           |out2<5>        |   18.510|
a<6>           |out2<6>        |   19.176|
a<6>           |out2<7>        |   19.528|
a<6>           |out2<8>        |   20.282|
a<6>           |out2<9>        |   20.139|
a<6>           |out2<10>       |   20.312|
a<6>           |out2<11>       |   20.817|
a<6>           |out2<12>       |   21.182|
a<6>           |out2<13>       |   21.595|
a<6>           |out2<14>       |   21.748|
a<6>           |out2<15>       |   22.153|
a<7>           |of             |   24.199|
a<7>           |out1<7>        |   10.717|
a<7>           |out1<8>        |   11.922|
a<7>           |out1<9>        |   12.685|
a<7>           |out1<10>       |   13.563|
a<7>           |out1<11>       |   15.528|
a<7>           |out1<12>       |   16.772|
a<7>           |out1<13>       |   17.302|
a<7>           |out1<14>       |   18.267|
a<7>           |out1<15>       |   18.257|
a<7>           |out2<0>        |   17.873|
a<7>           |out2<1>        |   18.477|
a<7>           |out2<2>        |   19.552|
a<7>           |out2<3>        |   19.880|
a<7>           |out2<4>        |   20.922|
a<7>           |out2<5>        |   20.680|
a<7>           |out2<6>        |   21.346|
a<7>           |out2<7>        |   21.698|
a<7>           |out2<8>        |   22.452|
a<7>           |out2<9>        |   22.309|
a<7>           |out2<10>       |   22.482|
a<7>           |out2<11>       |   22.987|
a<7>           |out2<12>       |   23.352|
a<7>           |out2<13>       |   23.765|
a<7>           |out2<14>       |   23.918|
a<7>           |out2<15>       |   24.323|
a<8>           |of             |   23.890|
a<8>           |out1<8>        |   11.381|
a<8>           |out1<9>        |   12.216|
a<8>           |out1<10>       |   13.069|
a<8>           |out1<11>       |   15.219|
a<8>           |out1<12>       |   16.463|
a<8>           |out1<13>       |   16.993|
a<8>           |out1<14>       |   17.958|
a<8>           |out1<15>       |   17.948|
a<8>           |out2<0>        |   17.564|
a<8>           |out2<1>        |   18.168|
a<8>           |out2<2>        |   19.243|
a<8>           |out2<3>        |   19.571|
a<8>           |out2<4>        |   20.613|
a<8>           |out2<5>        |   20.371|
a<8>           |out2<6>        |   21.037|
a<8>           |out2<7>        |   21.389|
a<8>           |out2<8>        |   22.143|
a<8>           |out2<9>        |   22.000|
a<8>           |out2<10>       |   22.173|
a<8>           |out2<11>       |   22.678|
a<8>           |out2<12>       |   23.043|
a<8>           |out2<13>       |   23.456|
a<8>           |out2<14>       |   23.609|
a<8>           |out2<15>       |   24.014|
a<9>           |of             |   22.972|
a<9>           |out1<9>        |   11.426|
a<9>           |out1<10>       |   12.189|
a<9>           |out1<11>       |   14.301|
a<9>           |out1<12>       |   15.545|
a<9>           |out1<13>       |   16.075|
a<9>           |out1<14>       |   17.040|
a<9>           |out1<15>       |   17.030|
a<9>           |out2<0>        |   16.646|
a<9>           |out2<1>        |   17.250|
a<9>           |out2<2>        |   18.325|
a<9>           |out2<3>        |   18.653|
a<9>           |out2<4>        |   19.695|
a<9>           |out2<5>        |   19.453|
a<9>           |out2<6>        |   20.119|
a<9>           |out2<7>        |   20.471|
a<9>           |out2<8>        |   21.225|
a<9>           |out2<9>        |   21.082|
a<9>           |out2<10>       |   21.255|
a<9>           |out2<11>       |   21.760|
a<9>           |out2<12>       |   22.125|
a<9>           |out2<13>       |   22.538|
a<9>           |out2<14>       |   22.691|
a<9>           |out2<15>       |   23.096|
a<10>          |of             |   23.244|
a<10>          |out1<10>       |   12.171|
a<10>          |out1<11>       |   14.573|
a<10>          |out1<12>       |   15.817|
a<10>          |out1<13>       |   16.347|
a<10>          |out1<14>       |   17.312|
a<10>          |out1<15>       |   17.302|
a<10>          |out2<0>        |   16.918|
a<10>          |out2<1>        |   17.522|
a<10>          |out2<2>        |   18.597|
a<10>          |out2<3>        |   18.925|
a<10>          |out2<4>        |   19.967|
a<10>          |out2<5>        |   19.725|
a<10>          |out2<6>        |   20.391|
a<10>          |out2<7>        |   20.743|
a<10>          |out2<8>        |   21.497|
a<10>          |out2<9>        |   21.354|
a<10>          |out2<10>       |   21.527|
a<10>          |out2<11>       |   22.032|
a<10>          |out2<12>       |   22.397|
a<10>          |out2<13>       |   22.810|
a<10>          |out2<14>       |   22.963|
a<10>          |out2<15>       |   23.368|
a<11>          |of             |   22.900|
a<11>          |out1<11>       |   14.229|
a<11>          |out1<12>       |   15.473|
a<11>          |out1<13>       |   16.003|
a<11>          |out1<14>       |   16.968|
a<11>          |out1<15>       |   16.958|
a<11>          |out2<0>        |   16.574|
a<11>          |out2<1>        |   17.178|
a<11>          |out2<2>        |   18.253|
a<11>          |out2<3>        |   18.581|
a<11>          |out2<4>        |   19.623|
a<11>          |out2<5>        |   19.381|
a<11>          |out2<6>        |   20.047|
a<11>          |out2<7>        |   20.399|
a<11>          |out2<8>        |   21.153|
a<11>          |out2<9>        |   21.010|
a<11>          |out2<10>       |   21.183|
a<11>          |out2<11>       |   21.688|
a<11>          |out2<12>       |   22.053|
a<11>          |out2<13>       |   22.466|
a<11>          |out2<14>       |   22.619|
a<11>          |out2<15>       |   23.024|
a<12>          |of             |   22.176|
a<12>          |out1<12>       |   14.749|
a<12>          |out1<13>       |   15.279|
a<12>          |out1<14>       |   16.244|
a<12>          |out1<15>       |   16.234|
a<12>          |out2<0>        |   15.850|
a<12>          |out2<1>        |   16.454|
a<12>          |out2<2>        |   17.529|
a<12>          |out2<3>        |   17.857|
a<12>          |out2<4>        |   18.899|
a<12>          |out2<5>        |   18.657|
a<12>          |out2<6>        |   19.323|
a<12>          |out2<7>        |   19.675|
a<12>          |out2<8>        |   20.429|
a<12>          |out2<9>        |   20.286|
a<12>          |out2<10>       |   20.459|
a<12>          |out2<11>       |   20.964|
a<12>          |out2<12>       |   21.329|
a<12>          |out2<13>       |   21.742|
a<12>          |out2<14>       |   21.895|
a<12>          |out2<15>       |   22.300|
a<13>          |of             |   21.111|
a<13>          |out1<13>       |   14.198|
a<13>          |out1<14>       |   15.179|
a<13>          |out1<15>       |   15.262|
a<13>          |out2<0>        |   14.785|
a<13>          |out2<1>        |   15.389|
a<13>          |out2<2>        |   16.464|
a<13>          |out2<3>        |   16.792|
a<13>          |out2<4>        |   17.834|
a<13>          |out2<5>        |   17.592|
a<13>          |out2<6>        |   18.258|
a<13>          |out2<7>        |   18.610|
a<13>          |out2<8>        |   19.364|
a<13>          |out2<9>        |   19.221|
a<13>          |out2<10>       |   19.394|
a<13>          |out2<11>       |   19.899|
a<13>          |out2<12>       |   20.264|
a<13>          |out2<13>       |   20.677|
a<13>          |out2<14>       |   20.830|
a<13>          |out2<15>       |   21.235|
a<14>          |of             |   21.219|
a<14>          |out1<14>       |   15.030|
a<14>          |out1<15>       |   15.404|
a<14>          |out2<0>        |   14.816|
a<14>          |out2<1>        |   15.497|
a<14>          |out2<2>        |   16.572|
a<14>          |out2<3>        |   16.900|
a<14>          |out2<4>        |   17.942|
a<14>          |out2<5>        |   17.700|
a<14>          |out2<6>        |   18.366|
a<14>          |out2<7>        |   18.718|
a<14>          |out2<8>        |   19.472|
a<14>          |out2<9>        |   19.329|
a<14>          |out2<10>       |   19.502|
a<14>          |out2<11>       |   20.007|
a<14>          |out2<12>       |   20.372|
a<14>          |out2<13>       |   20.785|
a<14>          |out2<14>       |   20.938|
a<14>          |out2<15>       |   21.343|
a<15>          |of             |   21.163|
a<15>          |out1<15>       |   15.348|
a<15>          |out2<0>        |   14.760|
a<15>          |out2<1>        |   15.441|
a<15>          |out2<2>        |   16.516|
a<15>          |out2<3>        |   16.844|
a<15>          |out2<4>        |   17.886|
a<15>          |out2<5>        |   17.644|
a<15>          |out2<6>        |   18.310|
a<15>          |out2<7>        |   18.662|
a<15>          |out2<8>        |   19.416|
a<15>          |out2<9>        |   19.273|
a<15>          |out2<10>       |   19.446|
a<15>          |out2<11>       |   19.951|
a<15>          |out2<12>       |   20.316|
a<15>          |out2<13>       |   20.729|
a<15>          |out2<14>       |   20.882|
a<15>          |out2<15>       |   21.287|
b<0>           |of             |   23.555|
b<0>           |out1<0>        |    7.184|
b<0>           |out1<1>        |    7.774|
b<0>           |out1<2>        |    7.808|
b<0>           |out1<3>        |    8.166|
b<0>           |out1<4>        |    9.874|
b<0>           |out1<5>        |   10.282|
b<0>           |out1<6>        |   11.377|
b<0>           |out1<7>        |   11.801|
b<0>           |out1<8>        |   12.374|
b<0>           |out1<9>        |   12.766|
b<0>           |out1<10>       |   13.196|
b<0>           |out1<11>       |   14.884|
b<0>           |out1<12>       |   16.128|
b<0>           |out1<13>       |   16.658|
b<0>           |out1<14>       |   17.623|
b<0>           |out1<15>       |   17.613|
b<0>           |out2<0>        |   17.229|
b<0>           |out2<1>        |   17.833|
b<0>           |out2<2>        |   18.908|
b<0>           |out2<3>        |   19.236|
b<0>           |out2<4>        |   20.278|
b<0>           |out2<5>        |   20.036|
b<0>           |out2<6>        |   20.702|
b<0>           |out2<7>        |   21.054|
b<0>           |out2<8>        |   21.808|
b<0>           |out2<9>        |   21.665|
b<0>           |out2<10>       |   21.838|
b<0>           |out2<11>       |   22.343|
b<0>           |out2<12>       |   22.708|
b<0>           |out2<13>       |   23.121|
b<0>           |out2<14>       |   23.274|
b<0>           |out2<15>       |   23.679|
b<1>           |of             |   23.939|
b<1>           |out1<1>        |    7.782|
b<1>           |out1<2>        |    8.794|
b<1>           |out1<3>        |    9.426|
b<1>           |out1<4>        |    9.833|
b<1>           |out1<5>        |   10.577|
b<1>           |out1<6>        |   11.672|
b<1>           |out1<7>        |   12.096|
b<1>           |out1<8>        |   12.669|
b<1>           |out1<9>        |   13.378|
b<1>           |out1<10>       |   13.824|
b<1>           |out1<11>       |   15.268|
b<1>           |out1<12>       |   16.512|
b<1>           |out1<13>       |   17.042|
b<1>           |out1<14>       |   18.007|
b<1>           |out1<15>       |   17.997|
b<1>           |out2<0>        |   17.613|
b<1>           |out2<1>        |   18.217|
b<1>           |out2<2>        |   19.292|
b<1>           |out2<3>        |   19.620|
b<1>           |out2<4>        |   20.662|
b<1>           |out2<5>        |   20.420|
b<1>           |out2<6>        |   21.086|
b<1>           |out2<7>        |   21.438|
b<1>           |out2<8>        |   22.192|
b<1>           |out2<9>        |   22.049|
b<1>           |out2<10>       |   22.222|
b<1>           |out2<11>       |   22.727|
b<1>           |out2<12>       |   23.092|
b<1>           |out2<13>       |   23.505|
b<1>           |out2<14>       |   23.658|
b<1>           |out2<15>       |   24.063|
b<2>           |of             |   23.687|
b<2>           |out1<2>        |    8.484|
b<2>           |out1<3>        |    8.757|
b<2>           |out1<4>        |    9.692|
b<2>           |out1<5>        |   10.833|
b<2>           |out1<6>        |   11.928|
b<2>           |out1<7>        |   12.352|
b<2>           |out1<8>        |   12.925|
b<2>           |out1<9>        |   13.317|
b<2>           |out1<10>       |   13.747|
b<2>           |out1<11>       |   15.016|
b<2>           |out1<12>       |   16.260|
b<2>           |out1<13>       |   16.790|
b<2>           |out1<14>       |   17.755|
b<2>           |out1<15>       |   17.745|
b<2>           |out2<0>        |   17.361|
b<2>           |out2<1>        |   17.965|
b<2>           |out2<2>        |   19.040|
b<2>           |out2<3>        |   19.368|
b<2>           |out2<4>        |   20.410|
b<2>           |out2<5>        |   20.168|
b<2>           |out2<6>        |   20.834|
b<2>           |out2<7>        |   21.186|
b<2>           |out2<8>        |   21.940|
b<2>           |out2<9>        |   21.797|
b<2>           |out2<10>       |   21.970|
b<2>           |out2<11>       |   22.475|
b<2>           |out2<12>       |   22.840|
b<2>           |out2<13>       |   23.253|
b<2>           |out2<14>       |   23.406|
b<2>           |out2<15>       |   23.811|
b<3>           |of             |   23.502|
b<3>           |out1<3>        |    8.013|
b<3>           |out1<4>        |    9.813|
b<3>           |out1<5>        |   10.112|
b<3>           |out1<6>        |   11.390|
b<3>           |out1<7>        |   11.804|
b<3>           |out1<8>        |   12.377|
b<3>           |out1<9>        |   13.007|
b<3>           |out1<10>       |   13.453|
b<3>           |out1<11>       |   14.831|
b<3>           |out1<12>       |   16.075|
b<3>           |out1<13>       |   16.605|
b<3>           |out1<14>       |   17.570|
b<3>           |out1<15>       |   17.560|
b<3>           |out2<0>        |   17.176|
b<3>           |out2<1>        |   17.780|
b<3>           |out2<2>        |   18.855|
b<3>           |out2<3>        |   19.183|
b<3>           |out2<4>        |   20.225|
b<3>           |out2<5>        |   19.983|
b<3>           |out2<6>        |   20.649|
b<3>           |out2<7>        |   21.001|
b<3>           |out2<8>        |   21.755|
b<3>           |out2<9>        |   21.612|
b<3>           |out2<10>       |   21.785|
b<3>           |out2<11>       |   22.290|
b<3>           |out2<12>       |   22.655|
b<3>           |out2<13>       |   23.068|
b<3>           |out2<14>       |   23.221|
b<3>           |out2<15>       |   23.626|
b<4>           |of             |   21.209|
b<4>           |out1<4>        |    8.495|
b<4>           |out1<5>        |    8.520|
b<4>           |out1<6>        |    9.661|
b<4>           |out1<7>        |   10.075|
b<4>           |out1<8>        |   10.693|
b<4>           |out1<9>        |   11.456|
b<4>           |out1<10>       |   11.902|
b<4>           |out1<11>       |   12.538|
b<4>           |out1<12>       |   13.782|
b<4>           |out1<13>       |   14.312|
b<4>           |out1<14>       |   15.277|
b<4>           |out1<15>       |   15.267|
b<4>           |out2<0>        |   14.883|
b<4>           |out2<1>        |   15.487|
b<4>           |out2<2>        |   16.562|
b<4>           |out2<3>        |   16.890|
b<4>           |out2<4>        |   17.932|
b<4>           |out2<5>        |   17.690|
b<4>           |out2<6>        |   18.356|
b<4>           |out2<7>        |   18.708|
b<4>           |out2<8>        |   19.462|
b<4>           |out2<9>        |   19.319|
b<4>           |out2<10>       |   19.492|
b<4>           |out2<11>       |   19.997|
b<4>           |out2<12>       |   20.362|
b<4>           |out2<13>       |   20.775|
b<4>           |out2<14>       |   20.928|
b<4>           |out2<15>       |   21.333|
b<5>           |of             |   21.118|
b<5>           |out1<6>        |    9.142|
b<5>           |out1<7>        |    9.618|
b<5>           |out1<8>        |   10.728|
b<5>           |out1<9>        |   11.485|
b<5>           |out1<10>       |   11.931|
b<5>           |out1<11>       |   12.390|
b<5>           |out1<12>       |   13.177|
b<5>           |out1<13>       |   14.205|
b<5>           |out1<14>       |   15.186|
b<5>           |out1<15>       |   15.269|
b<5>           |out2<0>        |   14.792|
b<5>           |out2<1>        |   15.396|
b<5>           |out2<2>        |   16.471|
b<5>           |out2<3>        |   16.799|
b<5>           |out2<4>        |   17.841|
b<5>           |out2<5>        |   17.599|
b<5>           |out2<6>        |   18.265|
b<5>           |out2<7>        |   18.617|
b<5>           |out2<8>        |   19.371|
b<5>           |out2<9>        |   19.228|
b<5>           |out2<10>       |   19.401|
b<5>           |out2<11>       |   19.906|
b<5>           |out2<12>       |   20.271|
b<5>           |out2<13>       |   20.684|
b<5>           |out2<14>       |   20.837|
b<5>           |out2<15>       |   21.242|
b<6>           |of             |   16.385|
b<6>           |out2<4>        |   11.629|
b<6>           |out2<5>        |   12.687|
b<6>           |out2<6>        |   13.532|
b<6>           |out2<7>        |   13.884|
b<6>           |out2<8>        |   14.638|
b<6>           |out2<9>        |   14.495|
b<6>           |out2<10>       |   14.668|
b<6>           |out2<11>       |   15.173|
b<6>           |out2<12>       |   15.538|
b<6>           |out2<13>       |   15.951|
b<6>           |out2<14>       |   16.104|
b<6>           |out2<15>       |   16.509|
b<7>           |of             |   19.681|
b<7>           |out1<7>        |    9.267|
b<7>           |out1<8>        |    9.854|
b<7>           |out1<9>        |   10.576|
b<7>           |out1<10>       |   11.022|
b<7>           |out1<11>       |   11.481|
b<7>           |out1<12>       |   12.268|
b<7>           |out1<13>       |   12.784|
b<7>           |out1<14>       |   13.749|
b<7>           |out1<15>       |   13.739|
b<7>           |out2<0>        |   13.355|
b<7>           |out2<1>        |   13.959|
b<7>           |out2<2>        |   15.034|
b<7>           |out2<3>        |   15.362|
b<7>           |out2<4>        |   16.404|
b<7>           |out2<5>        |   16.162|
b<7>           |out2<6>        |   16.828|
b<7>           |out2<7>        |   17.180|
b<7>           |out2<8>        |   17.934|
b<7>           |out2<9>        |   17.791|
b<7>           |out2<10>       |   17.964|
b<7>           |out2<11>       |   18.469|
b<7>           |out2<12>       |   18.834|
b<7>           |out2<13>       |   19.247|
b<7>           |out2<14>       |   19.400|
b<7>           |out2<15>       |   19.805|
b<8>           |of             |   19.173|
b<8>           |out1<8>        |    9.209|
b<8>           |out1<9>        |    9.609|
b<8>           |out1<10>       |   10.039|
b<8>           |out1<11>       |   10.498|
b<8>           |out1<12>       |   11.746|
b<8>           |out1<13>       |   12.276|
b<8>           |out1<14>       |   13.241|
b<8>           |out1<15>       |   13.231|
b<8>           |out2<0>        |   12.847|
b<8>           |out2<1>        |   13.451|
b<8>           |out2<2>        |   14.526|
b<8>           |out2<3>        |   14.854|
b<8>           |out2<4>        |   15.896|
b<8>           |out2<5>        |   15.654|
b<8>           |out2<6>        |   16.320|
b<8>           |out2<7>        |   16.672|
b<8>           |out2<8>        |   17.426|
b<8>           |out2<9>        |   17.283|
b<8>           |out2<10>       |   17.456|
b<8>           |out2<11>       |   17.961|
b<8>           |out2<12>       |   18.326|
b<8>           |out2<13>       |   18.739|
b<8>           |out2<14>       |   18.892|
b<8>           |out2<15>       |   19.297|
b<9>           |of             |   18.740|
b<9>           |out1<9>        |    8.475|
b<9>           |out1<10>       |    8.945|
b<9>           |out1<11>       |   10.154|
b<9>           |out1<12>       |   11.313|
b<9>           |out1<13>       |   11.843|
b<9>           |out1<14>       |   12.808|
b<9>           |out1<15>       |   12.798|
b<9>           |out2<0>        |   12.414|
b<9>           |out2<1>        |   13.018|
b<9>           |out2<2>        |   14.093|
b<9>           |out2<3>        |   14.421|
b<9>           |out2<4>        |   15.463|
b<9>           |out2<5>        |   15.221|
b<9>           |out2<6>        |   15.887|
b<9>           |out2<7>        |   16.239|
b<9>           |out2<8>        |   16.993|
b<9>           |out2<9>        |   16.850|
b<9>           |out2<10>       |   17.023|
b<9>           |out2<11>       |   17.528|
b<9>           |out2<12>       |   17.893|
b<9>           |out2<13>       |   18.306|
b<9>           |out2<14>       |   18.459|
b<9>           |out2<15>       |   18.864|
b<10>          |of             |   16.829|
b<10>          |out1<10>       |    8.154|
b<10>          |out1<11>       |    8.629|
b<10>          |out1<12>       |    9.416|
b<10>          |out1<13>       |    9.932|
b<10>          |out1<14>       |   10.897|
b<10>          |out1<15>       |   10.887|
b<10>          |out2<0>        |   10.503|
b<10>          |out2<1>        |   11.107|
b<10>          |out2<2>        |   12.182|
b<10>          |out2<3>        |   12.510|
b<10>          |out2<4>        |   13.552|
b<10>          |out2<5>        |   13.310|
b<10>          |out2<6>        |   13.976|
b<10>          |out2<7>        |   14.328|
b<10>          |out2<8>        |   15.082|
b<10>          |out2<9>        |   14.939|
b<10>          |out2<10>       |   15.112|
b<10>          |out2<11>       |   15.617|
b<10>          |out2<12>       |   15.982|
b<10>          |out2<13>       |   16.395|
b<10>          |out2<14>       |   16.548|
b<10>          |out2<15>       |   16.953|
b<11>          |of             |   17.311|
b<11>          |out1<11>       |    8.839|
b<11>          |out1<12>       |    9.628|
b<11>          |out1<13>       |   10.412|
b<11>          |out1<14>       |   11.379|
b<11>          |out1<15>       |   11.437|
b<11>          |out2<0>        |   10.985|
b<11>          |out2<1>        |   11.589|
b<11>          |out2<2>        |   12.664|
b<11>          |out2<3>        |   12.992|
b<11>          |out2<4>        |   14.034|
b<11>          |out2<5>        |   13.792|
b<11>          |out2<6>        |   14.458|
b<11>          |out2<7>        |   14.810|
b<11>          |out2<8>        |   15.564|
b<11>          |out2<9>        |   15.421|
b<11>          |out2<10>       |   15.594|
b<11>          |out2<11>       |   16.099|
b<11>          |out2<12>       |   16.464|
b<11>          |out2<13>       |   16.877|
b<11>          |out2<14>       |   17.030|
b<11>          |out2<15>       |   17.435|
b<12>          |of             |   15.805|
b<12>          |out1<12>       |    7.833|
b<12>          |out1<13>       |    8.892|
b<12>          |out1<14>       |    9.873|
b<12>          |out1<15>       |    9.956|
b<12>          |out2<0>        |    9.479|
b<12>          |out2<1>        |   10.083|
b<12>          |out2<2>        |   11.158|
b<12>          |out2<3>        |   11.486|
b<12>          |out2<4>        |   12.528|
b<12>          |out2<5>        |   12.286|
b<12>          |out2<6>        |   12.952|
b<12>          |out2<7>        |   13.304|
b<12>          |out2<8>        |   14.058|
b<12>          |out2<9>        |   13.915|
b<12>          |out2<10>       |   14.088|
b<12>          |out2<11>       |   14.593|
b<12>          |out2<12>       |   14.958|
b<12>          |out2<13>       |   15.371|
b<12>          |out2<14>       |   15.524|
b<12>          |out2<15>       |   15.929|
b<13>          |of             |   15.756|
b<13>          |out1<13>       |    8.687|
b<13>          |out1<14>       |    9.825|
b<13>          |out1<15>       |   10.529|
b<13>          |out2<0>        |    9.886|
b<13>          |out2<1>        |   10.034|
b<13>          |out2<2>        |   11.109|
b<13>          |out2<3>        |   11.437|
b<13>          |out2<4>        |   12.479|
b<13>          |out2<5>        |   12.237|
b<13>          |out2<6>        |   12.903|
b<13>          |out2<7>        |   13.255|
b<13>          |out2<8>        |   14.009|
b<13>          |out2<9>        |   13.866|
b<13>          |out2<10>       |   14.039|
b<13>          |out2<11>       |   14.544|
b<13>          |out2<12>       |   14.909|
b<13>          |out2<13>       |   15.322|
b<13>          |out2<14>       |   15.475|
b<13>          |out2<15>       |   15.880|
b<14>          |of             |   13.975|
b<14>          |out1<14>       |    8.028|
b<14>          |out1<15>       |    8.166|
b<14>          |out2<0>        |    7.649|
b<14>          |out2<1>        |    8.253|
b<14>          |out2<2>        |    9.328|
b<14>          |out2<3>        |    9.656|
b<14>          |out2<4>        |   10.698|
b<14>          |out2<5>        |   10.456|
b<14>          |out2<6>        |   11.122|
b<14>          |out2<7>        |   11.474|
b<14>          |out2<8>        |   12.228|
b<14>          |out2<9>        |   12.085|
b<14>          |out2<10>       |   12.258|
b<14>          |out2<11>       |   12.763|
b<14>          |out2<12>       |   13.128|
b<14>          |out2<13>       |   13.541|
b<14>          |out2<14>       |   13.694|
b<14>          |out2<15>       |   14.099|
b<15>          |of             |   12.960|
b<15>          |out1<15>       |    8.084|
b<15>          |out2<0>        |    6.557|
b<15>          |out2<1>        |    7.238|
b<15>          |out2<2>        |    8.313|
b<15>          |out2<3>        |    8.641|
b<15>          |out2<4>        |    9.683|
b<15>          |out2<5>        |    9.441|
b<15>          |out2<6>        |   10.107|
b<15>          |out2<7>        |   10.459|
b<15>          |out2<8>        |   11.213|
b<15>          |out2<9>        |   11.070|
b<15>          |out2<10>       |   11.243|
b<15>          |out2<11>       |   11.748|
b<15>          |out2<12>       |   12.113|
b<15>          |out2<13>       |   12.526|
b<15>          |out2<14>       |   12.679|
b<15>          |out2<15>       |   13.084|
---------------+---------------+---------+


Analysis completed Sat Feb 29 13:56:47 2020 
--------------------------------------------------------------------------------

Trace Settings:
-------------------------
Trace Settings 

Peak Memory Usage: 5003 MB



